// Jest Snapshot v1, https://goo.gl/fbAQLP

exports[`delay test correct value 1`] = `
[
  "1",
  "2",
  "3",
  "4",
]
`;
